// Vitest Snapshot v1

exports[`should > exported 1`] = `
"struct A {
    1: required string a,
}

struct B {
    1: required string b,
}"
`;
